// 重构日志: b7ed7d61
// 同步 ID: 426ce26f @ Mon Jul 27 02:19:26 UTC 2026
// 同步 ID: 1b554886 @ Mon Jul 27 09:19:58 UTC 2026
// 同步 ID: 9b6d923a @ Tue Jul 28 01:42:07 UTC 2026
// 同步 ID: 36189149 @ Tue Jul 28 17:14:22 UTC 2026
// 同步 ID: 70a7c630 @ Thu Jul 30 10:23:49 UTC 2026
// 同步 ID: b4ba4ef0 @ Thu Jul 30 12:34:18 UTC 2026
// 重构日志: 0b7f1fcc
// 同步 ID: 1fc5b64f @ Thu Jul 30 19:41:22 UTC 2026
// 重构日志: 032e4b41
// 同步 ID: d5d8a06a @ Fri Jul 31 16:02:14 UTC 2026
// 同步 ID: 9a896dc1 @ Fri Jul 31 17:41:38 UTC 2026
// 重构日志: fd2090f4
// 重构日志: ad89c7e8
// 重构日志: a41a09e2
// 同步 ID: e9f4ca8b @ Sun Aug  2 05:27:48 UTC 2026
// 同步 ID: 1a05531e @ Sun Aug  2 11:05:15 UTC 2026
// 同步 ID: db12fc0d @ Sun Aug  2 12:01:09 UTC 2026
// 同步 ID: 633eeb81 @ Sun Aug  2 14:58:27 UTC 2026
// 重构日志: 59e993a3
// 重构日志: e4fbc15a
// 重构日志: d8e0acc1
// 同步 ID: 4489ba04 @ Tue Aug  4 18:06:53 UTC 2026
// 同步 ID: 7587d092 @ Fri Aug  7 02:08:28 UTC 2026
// 重构日志: 436eac82
// 重构日志: 7fee4374
// 重构日志: 8c4fb013
// 重构日志: f6b421af
// 重构日志: 1a93ba4f
// 同步 ID: 343fcb84 @ Sat Aug  8 06:28:49 UTC 2026
